\ares\settings.bml
\bigpemu\userdata\BigPEmuConfig.bigpcfg
\bizhawk\config.ini
\cemu\settings.xml
\citra\user\config\qt-config.ini
\citra-canary\user\config\qt-config.ini
\cxbx-reloaded\settings.ini
\daphne\config.xml
\demul-old\Demul.ini
\demul-old\gpuDX11old.ini
\demul\Demul.ini
\demul\gpuDX11.ini
\dolphin-emu\User\Config\Dolphin.ini
\dolphin-emu\User\Config\GCPadNew.ini
\dolphin-emu\User\Config\GFX.ini
\dolphin-emu\User\Config\Hotkeys.ini
\dolphin-emu\User\Config\WiimoteNew.ini
\dolphin-triforce\User\Config\Dolphin.ini
\dolphin-triforce\User\Config\GCPadNew.ini
\dolphin-triforce\User\Config\GFX.ini
\dosbox\run.dosbox
\duckstation\settings.ini
\eduke32\eduke32.cfg
\flycast\emu.cfg
\fpinball\BAM\bam.cfg
\gsplus\config.txt
\gzdoom\gzdoom_portable.ini
\hatari\hatari.cfg
\hypseus\hypinput.ini
\jynx\settings.txt
\kega-fusion\Fusion.ini
\kronos\kronos.ini
\m2emulator\Emulator.ini
\mednafen\mednafen.cfg
\melonds\melonDS.ini
\mesen\settings.json
\mgba\config.ini
\mupen64\Config\GLideN64.ini
\mupen64\Config\mupen64plus.cfg
\nosgba\NO$GBA.INI
\openbor\config.ini
\oricutron\oricutron.cfg
\pcsx2-16\inis\Dev9null.ini
\pcsx2-16\inis\FWnull.ini
\pcsx2-16\inis\GSdx.ini
\pcsx2-16\inis\LilyPad.ini
\pcsx2-16\inis\PCSX2_ui.ini
\pcsx2-16\inis\PCSX2_vm.ini
\pcsx2-16\inis\SPU2-X.ini
\pcsx2-16\inis\USBnull.ini
\pcsx2\inis\LilyPad.ini
\pcsx2\inis\PCSX2.ini
\phoenix\phoenix.config.xml
\play\Play Data Files\config.xml
\ppsspp\memstick\PSP\SYSTEM\ppsspp.ini
\project64\Config\Project64.cfg
\raine\config\raine32_sdl.cfg
\redream\redream.cfg
\retroarch\config\override\*.cfg
\retroarch\retroarch-core-options.cfg
\retroarch\retroarch.cfg
\rpcs3\GuiConfigs\CurrentSettings.ini
\rpcs3\config.yml
\ryujinx\portable\Config.json
\scummvm\scummvm.ini
\simple64\input-profiles.ini
\simple64\input-settings.ini
\simple64\mupen64plus.cfg
\simple64\simple64-gui.ini
\snes9x\snes9x.conf
\ssf\SSF.ini
\stella\stella.sqlite3
\supermodel\Supermodel.ini
\vita3k\config.yml
\vita3k\ux0\user\00\user.xml
\winuae\winuae.ini
\xemu\xemu.ini
\xemu\xemu.toml
\xenia\xenia.config.toml
\xenia-canary\xenia-canary.config.toml
\xm6pro\XM6.ini
\yuzu-early-access\user\config\qt-config.ini
\yuzu\user\config\qt-config.ini
\zinc\renderer.cfg
\zesarux\.zesaruxrc
\zinc\zinc.cfg