bios
bios\dc
bios\dc\textures
bios\eka2l1
bios\eka2l1\data
bios\eka2l1\data\roms
bios\eka2l1\data\roms\NEM-4
bios\fba
bios\fba\samples
bios\fbneo
bios\fbneo\samples
bios\hatari
bios\hatari\tos
bios\hatarib
bios\hbmame
bios\hbmame\cfg
bios\hbmame\hash
bios\hbmame\ini
bios\hbmame\samples
bios\HdPacks
bios\kronos
bios\mame
bios\mame\artwork
bios\mame\cfg
bios\mame\hash
bios\mame\ini
bios\mame\samples
bios\mame2003
bios\mame2003-plus
bios\mame2003-plus\samples
bios\mame2003\samples
bios\mame2010
bios\mame2010\artwork
bios\mame2010\samples
bios\mame2014
bios\mame2014\artwork
bios\mame2014\samples
bios\mame2016
bios\mame2016\artwork
bios\mame2016\samples
bios\melonDS DS
bios\Mupen64plus
bios\Mupen64plus\cache
bios\Mupen64plus\dump
bios\Mupen64plus\hires_texture
bios\neocd
bios\openmsx
bios\openmsx\share
bios\pcsx2
bios\pcsx2\bios
bios\pcsx2\textures
bios\psxmame
bios\psxmame\bios
bios\quasi88
bios\raine
bios\raine\artwork
bios\raine\emudx
bios\same_cdi
bios\same_cdi\bios
cheats
cheats\capriceforever
cheats\duckstation
cheats\hbmame
cheats\mame
cheats\mednafen
cheats\melonds
cheats\pcsx2
cheats\pcsx2\cheats
cheats\pcsx2\cheats_ni
cheats\pcsx2\cheats_ws
cheats\psxmame
cheats\retroarch
decorations
emulationstation
emulationstation\.emulationstation
emulationstation\.emulationstation\music
emulationstation\.emulationstation\scripts
emulationstation\.emulationstation\scripts\game-end
emulationstation\.emulationstation\scripts\game-start
emulationstation\.emulationstation\scripts\quit
emulationstation\.emulationstation\scripts\reboot
emulationstation\.emulationstation\scripts\shutdown
emulationstation\.emulationstation\scripts\sleep
emulationstation\.emulationstation\scripts\wake
emulationstation\.emulationstation\themes
emulationstation\.emulationstation\themesettings
emulationstation\.emulationstation\video
emulationstation\es_features.locale
emulationstation\resources
emulators
emulators\3dsen
emulators\applewin
emulators\arcadeflashweb
emulators\ares
emulators\bigpemu
emulators\bigpemu\userdata
emulators\bizhawk
emulators\cemu
emulators\cemu\portable
emulators\cgenius
emulators\citra
emulators\citra\user
emulators\citra\user\config
emulators\citra-canary
emulators\citra-canary\user
emulators\citra-canary\user\config
emulators\cxbx-reloaded
emulators\cxbx-reloaded\EmuDisk
emulators\daphne
emulators\demul
emulators\demul-old
emulators\dolphin-emu
emulators\dolphin-emu\User
emulators\dolphin-emu\User\Config
emulators\dolphin-triforce
emulators\dolphin-triforce\Sys
emulators\dolphin-triforce\Sys\GameSettings
emulators\dolphin-triforce\User
emulators\dolphin-triforce\User\Config
emulators\dolphin-triforce\User\GameSettings
emulators\dosbox
emulators\duckstation
emulators\eka2l1
emulators\eka2l1\compat
emulators\fbneo
emulators\fbneo\config
emulators\fbneo\config\games
emulators\flycast
emulators\flycast\data
emulators\flycast\mappings
emulators\fpinball
emulators\gsplus
emulators\gzdoom
emulators\hatari
emulators\hypseus
emulators\jgenesis
emulators\jynx
emulators\kega-fusion
emulators\lime3ds
emulators\lime3ds\user
emulators\lime3ds\user\config
emulators\m2emulator
emulators\m2emulator\CFG
emulators\m2emulator\NVDATA
emulators\m2emulator\scripts
emulators\m2emulator\templatescfg
emulators\m2emulator\templatescfg\dinput
emulators\m2emulator\templatescfg\xinput
emulators\mame
emulators\mame\cfg
emulators\mame\ini
emulators\mednafen
emulators\mesen
emulators\mgba
emulators\mupen64
emulators\mupen64\Config
emulators\nosgba
emulators\openbor
emulators\opengoal
emulators\opengoal\config
emulators\opengoal\config\OpenGOAL
emulators\opengoal\config\OpenGOAL\jak1
emulators\opengoal\config\OpenGOAL\jak1\misc
emulators\opengoal\config\OpenGOAL\jak1\settings
emulators\opengoal\config\OpenGOAL\jak2
emulators\opengoal\config\OpenGOAL\jak2\misc
emulators\opengoal\config\OpenGOAL\jak2\settings
emulators\oricutron
emulators\pcsx2
emulators\pcsx2-16
emulators\pcsx2-16\Plugins
emulators\pcsx2-16\inis
emulators\pcsx2\inis
emulators\phoenix
emulators\play
emulators\play\Play Data Files
emulators\play\Play Data Files\inputprofiles
emulators\ppsspp
emulators\project64
emulators\project64\Config
emulators\psxmame
emulators\psxmame\cfg
emulators\psxmame\ctrlr
emulators\psxmame\ini
emulators\raine
emulators\raine\config
emulators\redream
emulators\retroarch
emulators\retroarch\config
emulators\retroarch\config\MAME
emulators\retroarch\shaders
emulators\rpcs3
emulators\rpcs3\config
emulators\rpcs3\GuiConfigs
emulators\ryujinx
emulators\ryujinx\portable
emulators\scummvm
emulators\simcoupe
emulators\simple64
emulators\snes9x
emulators\solarus
emulators\sonic3air
emulators\sonic3air\savedata
emulators\ssf
emulators\steam
emulators\stella
emulators\sudachi
emulators\sudachi\user
emulators\sudachi\user\config
emulators\supermodel
emulators\supermodel\Config
emulators\supermodel\NVRAM
emulators\suyu
emulators\suyu\user
emulators\suyu\user\config
emulators\vpinball
emulators\xemu
emulators\xenia
emulators\xenia\config
emulators\xenia-canary
emulators\xenia-canary\config
emulators\xenia-canary\patches
emulators\yuzu
emulators\yuzu-early-access
emulators\yuzu-early-access\user
emulators\yuzu-early-access\user\config
emulators\yuzu\user
emulators\yuzu\user\config
emulators\zinc
library
records
records\config
records\output
roms
roms\cgenius
roms\cgenius\games
roms\sonicmania
roms\sonicretro
roms\sonicretro\sonic1
roms\sonicretro\sonic2
roms\sonicretro\soniccd
saves
saves\3ds
saves\3ds\Citra
saves\3ds\Citra\nand
saves\3ds\Citra\sdmc
saves\3ds\lime3ds
saves\3ds\lime3ds\nand
saves\3ds\lime3ds\sdmc
saves\amiga
saves\amiga\winuae
saves\amstradcpc\capriceforever
saves\apple2\mednafen
saves\apple2\mednafen\sstates
saves\atomiswave
saves\atomiswave\reicast
saves\dolphin
saves\dolphin\Load
saves\dolphin\Load\ResourcePacks
saves\dolphin\User\GC
saves\dolphin\User\GC\EUR
saves\dolphin\User\GC\JAP
saves\dolphin\User\GC\USA
saves\dolphin\User\Wii
saves\gba
saves\gba\mgba
saves\gemrb
saves\hbmame
saves\hbmame\artwork
saves\hbmame\ctrlr
saves\karaoke
saves\mame
saves\mame\artwork
saves\mame\ctrlr
saves\mame\fmtowns
saves\mame\nvram
saves\mame\states
saves\mastersystem
saves\mastersystem\kega-fusion
saves\megadrive
saves\megadrive\kega-fusion
saves\megadrive\mednafen
saves\megadrive\mednafen\sstates
saves\mesen
saves\n64
saves\n64\games
saves\n64\sstates
saves\naomi
saves\naomi\reicast
saves\naomi2
saves\naomi2\reicast
saves\nes
saves\nes\mednafen
saves\nes\mednafen\sstates
saves\nds
saves\nds\melonds
saves\nds\melonds\sstates
saves\pcengine
saves\pcengine\mednafen
saves\pcengine\mednafen\sstates
saves\pcenginecd
saves\pcenginecd\mednafen
saves\pcenginecd\mednafen\sstates
saves\ps2
saves\ps2\pcsx2
saves\ps2\pcsx2-16
saves\ps2\pcsx2-16\memcards
saves\ps2\pcsx2-16\sstates
saves\ps2\pcsx2\covers
saves\ps2\pcsx2\memcards
saves\ps2\pcsx2\sstates
saves\ps3\rpcs3\dev_hdd0
saves\ps3\rpcs3\dev_hdd0\disc
saves\ps3\rpcs3\dev_hdd0\game
saves\psp
saves\psp\SYSTEM
saves\psp\TEXTURES
saves\psvita\vita3k
saves\psvita\vita3k\ux0
saves\psvita\vita3k\ux0\user
saves\psvita\vita3k\ux0\user\00
saves\psx
saves\psx\duckstation
saves\psx\duckstation\memcards
saves\psx\duckstation\sstates
saves\psx\mednafen
saves\psx\mednafen\sstates
saves\psxmame
saves\psxmame\artwork
saves\psxmame\nvram
saves\psxmame\states
saves\saturn
saves\saturn\kronos
saves\saturn\mednafen
saves\saturn\mednafen\sstates
saves\segacd
saves\segacd\kega-fusion
saves\snes
saves\snes\mednafen
saves\snes\mednafen\sstates
saves\snes\snes9x
saves\supergrafx
saves\supergrafx\mednafen
saves\supergrafx\mednafen\sstates
saves\switch
saves\switch\dump
saves\switch\load
saves\switch\nand
saves\switch\ryujinx
saves\switch\ryujinx\portable
saves\switch\sdmc
saves\wiiu
saves\wiiu\cemu
saves\wiiu\cemu\mlc01
saves\xbox360
saves\xbox360\xenia
screenshots
screenshots\ares
screenshots\capriceforever
screenshots\citra
screenshots\duckstation
screenshots\lime3ds
screenshots\mednafen
screenshots\Mupen64
screenshots\pcsx2
screenshots\Simple64
screenshots\sudachi
screenshots\suyu
screenshots\winuae
screenshots\xemu
screenshots\yuzu
sounds
sounds\retroachievements
system
system\configgen
system\decorations
system\download
system\es_menu
system\modules
system\modules\rb_launcher
system\modules\rb_updater
system\padtokey
system\resources
system\scripts
system\shaders
system\templates