3do
3ds
actionmax
adam
advision
amiga1200
amiga4000
amiga500
amigacd32
amigacdtv
amstradcpc
apfm1000
apple2
apple2gs
aquarius
arcadia
archimedes
arduboy
astrocade
atari2600
atari5200
atari7800
atari800
atarist
atom
atomiswave
bbcmicro
c128
c20
c64
camplynx
cannonball
casloopy
cave
cavestory
cdi
cdogs
cgenius
channelf
chihiro
coco
colecovision
corsixth
cplus4
cps1
cps2
cps3
crvision
daphne
devilutionx
dinothawr
doom3
dos
dreamcast
easyrpg
ecwolf
eduke32
electron
fbneo
fds
flash
fm7
fmtowns
fpinball
gaelco
gamate
gameandwatch
gamecom
gamecube
gamegear
gamepock
gb
gb2players
gba
gba2players
gbc
gbc2players
gb-msu
gemrb
gmaster
gp32
gx4000
gzdoom
hbmame
hikaru
ikemen
intellivision
j2me
jaguar
jaguarcd
karaoke
lcdgames
love
lowresnx
lutro
lynx
mame
mastersystem
megadrive
megadrive-msu
megaduck
model2
model3
msx1
msx2
msx2+
msxturbor
mugen
multivision
n64
n64dd
namco2x6
naomi
naomi2
nds
neogeo
neogeo64
neogeocd
nes
ngage
ngp
ngpc
o2em
openbor
opengoal
openjazz
openlara
oricatmos
p2000t
pc88
pc98
pcengine
pcenginecd
pcfx
pdark
pegasus
pet
pico8
pinballfx
pinballfx2
pinballfx3
pinballm
pokemini
ports
prboom
ps2
ps3
ps4
psp
psvita
psx
pv1000
raze
reminiscence
samcoupe
satellaview
saturn
scummvm
scv
sega32x
segacd
segastv
sg1000
sgb
singe
snes
snes-msu
soh
solarus
sonic3air
sonicmania
sonicretro
spectravideo
starship
sufami
superbroswar
supergrafx
supervision
supracan
switch
teknoparrot
theforceengine
thomson
ti99
tic80
triforce
tutor
tvgames
tyrquake
uzebox
vc4000
vectrex
vg5k
vircon32
virtualboy
vitaquake2
vpinball
vsmile
wasm4
wii
wiiu
windows
wswan
wswanc
x1
x68000
xbox
xbox360
xegs
zaccariapinball
zinc
zx81
zxspectrum
